============================================================
ADAPTIVE BETA TRAINING DURING GROUNDING PHASE
Dataset: family_quick_test
Config: ../config/family_quick_test.json
Checkpoint: ../outputs/family_quick_test/grounding_gat.pt
Device: cpu
Epochs: 10, LR: 0.01, Alpha: 3.0
============================================================

[1] Testing with FIXED ALPHA = 3.0 (baseline)...

============================================================
Results for: Fixed Alpha (alpha=3.0)
============================================================
  Hit@1: 0.2660
  Hit@3: 0.3642
  Hit@10: 0.4601
  MR: 249.1744
  MRR: 0.3345

[2] Testing with PER-RELATION BETA (before training)...

============================================================
Results for: Per-relation Beta (untrained)
============================================================
  Hit@1: 0.7088
  Hit@3: 0.8473
  Hit@10: 0.8933
  MR: 44.8367
  MRR: 0.7856

Beta Statistics (per-relation weight for rule score):
  Mean:   0.5000
  Std:    0.0000
  Min:    0.5000
  Max:    0.5000
  Median: 0.5000
  Density weight (beta_density): 0.0000
    -> Zero: grounding density has no effect (pure per-relation beta)

[3] Training per-relation beta for 10 epochs...

Epoch 1/10:
  Loss: 0.1052
  Valid MRR: 0.8851, Hit@10: 0.9698
  New best MRR!

Epoch 2/10:
  Loss: 0.0385
  Valid MRR: 0.9109, Hit@10: 0.9843
  New best MRR!

Epoch 3/10:
  Loss: 0.0236
  Valid MRR: 0.9199, Hit@10: 0.9877
  New best MRR!

Epoch 4/10:
  Loss: 0.0182
  Valid MRR: 0.9232, Hit@10: 0.9882
  New best MRR!

Epoch 5/10:
  Loss: 0.0150
  Valid MRR: 0.9263, Hit@10: 0.9887
  New best MRR!

Epoch 6/10:
  Loss: 0.0131
  Valid MRR: 0.9290, Hit@10: 0.9887
  New best MRR!

Epoch 7/10:
  Loss: 0.0116
  Valid MRR: 0.9304, Hit@10: 0.9887
  New best MRR!

Epoch 8/10:
  Loss: 0.0104
  Valid MRR: 0.9328, Hit@10: 0.9887
  New best MRR!

Epoch 9/10:
  Loss: 0.0095
  Valid MRR: 0.9350, Hit@10: 0.9887
  New best MRR!

Epoch 10/10:
  Loss: 0.0088
  Valid MRR: 0.9360, Hit@10: 0.9887
  New best MRR!

[4] Testing with TRAINED per-relation beta...

============================================================
Results for: Per-relation Beta (trained)
============================================================
  Hit@1: 0.8972
  Hit@3: 0.9714
  Hit@10: 0.9852
  MR: 23.7600
  MRR: 0.9358

Beta Statistics (per-relation weight for rule score):
  Density weight (beta_density): 0.0000
    -> Zero: grounding density has no effect (pure per-relation beta)

[5] Testing with ADAPTIVE BETA (before training)...

============================================================
Results for: Adaptive Beta (untrained)
============================================================
  Hit@1: 0.8972
  Hit@3: 0.9714
  Hit@10: 0.9852
  MR: 23.7600
  MRR: 0.9358

[6] Training adaptive beta for 10 epochs...

Epoch 1/10:
  Valid MRR: 0.9395, Hit@10: 0.9890
  beta_density = 1.6705
  New best MRR!

Epoch 2/10:
  Valid MRR: 0.9398, Hit@10: 0.9890
  beta_density = 2.3428
  New best MRR!

Epoch 3/10:
  Valid MRR: 0.9398, Hit@10: 0.9890
  beta_density = 2.8127
  New best MRR!

Epoch 4/10:
  Valid MRR: 0.9398, Hit@10: 0.9890
  beta_density = 3.1866
  New best MRR!

Epoch 5/10:
  Valid MRR: 0.9398, Hit@10: 0.9890
  beta_density = 3.5053
  New best MRR!

Epoch 6/10:
  Valid MRR: 0.9398, Hit@10: 0.9890
  beta_density = 3.7935
  New best MRR!

Epoch 7/10:
  Valid MRR: 0.9400, Hit@10: 0.9890
  beta_density = 4.0573
  New best MRR!

Epoch 8/10:
  Valid MRR: 0.9400, Hit@10: 0.9890
  beta_density = 4.3075
  New best MRR!

Epoch 9/10:
  Valid MRR: 0.9400, Hit@10: 0.9890
  beta_density = 4.5438

Epoch 10/10:
  Valid MRR: 0.9400, Hit@10: 0.9890
  beta_density = 4.7760
  New best MRR!

[7] Testing with TRAINED adaptive beta...

============================================================
Results for: Adaptive Beta (trained)
============================================================
  Hit@1: 0.9041
  Hit@3: 0.9713
  Hit@10: 0.9854
  MR: 25.6072
  MRR: 0.9392

Beta Statistics (per-relation weight for rule score):
  Density weight (beta_density): 4.7760
    -> Positive: denser groundings push beta UP (trust rules more)

============================================================
SUMMARY COMPARISON
============================================================
Metric     Fixed alpha  Rel-Beta     Adaptive
--------------------------------------------------
Hit@1      0.2660       0.8972       0.9041
Hit@3      0.3642       0.9714       0.9713
Hit@10     0.4601       0.9852       0.9854
MR         249.1744     23.7600      25.6072
MRR        0.3345       0.9358       0.9392

beta_density learned = 4.7760
Interpretation: Dense groundings -> trust rules more (as expected)
